error: #[def(...)] attribute is required
 --> $DIR/no_attribute.rs:5:5
  |
5 |     s: u32,
  |     ^
